// Jest Snapshot v1, https://goo.gl/fbAQLP

exports[`Form component Matches snapshot 1`] = `
<DocumentFragment>
  <form
    class="ant-form ant-form-inline"
    data-testid="form"
  >
    <div
      class="ant-row ant-form-item"
    >
      <div
        class="ant-col ant-form-item-control-wrapper"
      >
        <div
          class="ant-form-item-control"
        >
          <span
            class="ant-form-item-children"
          >
            <span
              class="ant-input-affix-wrapper"
            >
              <span
                class="ant-input-prefix"
              >
                <i
                  aria-label="icon: unordered-list"
                  class="anticon anticon-unordered-list"
                  style="color: rgba(0, 0, 0, 0.25);"
                >
                  <svg
                    aria-hidden="true"
                    class=""
                    data-icon="unordered-list"
                    fill="currentColor"
                    focusable="false"
                    height="1em"
                    viewBox="64 64 896 896"
                    width="1em"
                  >
                    <path
                      d="M912 192H328c-4.4 0-8 3.6-8 8v56c0 4.4 3.6 8 8 8h584c4.4 0 8-3.6 8-8v-56c0-4.4-3.6-8-8-8zm0 284H328c-4.4 0-8 3.6-8 8v56c0 4.4 3.6 8 8 8h584c4.4 0 8-3.6 8-8v-56c0-4.4-3.6-8-8-8zm0 284H328c-4.4 0-8 3.6-8 8v56c0 4.4 3.6 8 8 8h584c4.4 0 8-3.6 8-8v-56c0-4.4-3.6-8-8-8zM104 228a56 56 0 1 0 112 0 56 56 0 1 0-112 0zm0 284a56 56 0 1 0 112 0 56 56 0 1 0-112 0zm0 284a56 56 0 1 0 112 0 56 56 0 1 0-112 0z"
                    />
                  </svg>
                </i>
              </span>
              <input
                class="ant-input"
                data-testid="form-input"
                placeholder="New task..."
                type="text"
                value=""
              />
            </span>
          </span>
        </div>
      </div>
    </div>
    <div
      class="ant-row ant-form-item"
    >
      <div
        class="ant-col ant-form-item-control-wrapper"
      >
        <div
          class="ant-form-item-control"
        >
          <span
            class="ant-form-item-children"
          >
            <button
              class="ant-btn ant-btn-primary"
              type="submit"
            >
              <span>
                Create
              </span>
            </button>
          </span>
        </div>
      </div>
    </div>
  </form>
</DocumentFragment>
`;
